PS F:\GIT REPOS AND CODING\ARia> npm i -g expo-cli
npm warn deprecated osenv@0.1.5: This package is no longer supported.
npm warn deprecated inflight@1.0.6: This module is not supported, and leaks memory. Do not use it. Check out lru-cache if you want a good and tested way to coalesce async requests by a key value, which is much more comprehensive and powerful.
npm warn deprecated @npmcli/move-file@1.1.2: This functionality has been moved to @npmcli/fs
npm warn deprecated @babel/plugin-proposal-optional-catch-binding@7.18.6: This proposal has been merged to the ECMAScript standard and thus this plugin is no longer maintained. Please use @babel/plugin-transform-optional-catch-binding instead.
npm warn deprecated @babel/plugin-proposal-nullish-coalescing-operator@7.18.6: This proposal has been merged to the ECMAScript standard and thus this plugin is no longer maintained. Please use @babel/plugin-transform-nullish-coalescing-operator instead.
npm warn deprecated @babel/plugin-proposal-class-properties@7.18.6: This proposal has been merged to the ECMAScript standard and thus this plugin is no longer maintained. Please use @babel/plugin-transform-class-properties instead.
npm warn deprecated stable@0.1.8: Modern JS already guarantees Array#sort() is a stable sort, so this library is deprecated. See the compatibility table on MDN: https://developer.mozilla.org/en-US/docs/Web/JavaScript/Reference/Global_Objects/Array/sort#browser_compatibility
npm warn deprecated rimraf@2.4.5: Rimraf versions prior to v4 are no longer supported
npm warn deprecated rimraf@2.7.1: Rimraf versions prior to v4 are no longer supported
npm warn deprecated rimraf@2.7.1: Rimraf versions prior to v4 are no longer supported
npm warn deprecated @babel/plugin-proposal-optional-chaining@7.21.0: This proposal has been merged to the ECMAScript standard and thus this plugin is no longer maintained. Please use @babel/plugin-transform-optional-chaining instead.
npm warn deprecated @babel/plugin-proposal-object-rest-spread@7.20.7: This proposal has been merged to the ECMAScript standard and thus this plugin is no longer maintained. Please use @babel/plugin-transform-object-rest-spread instead.
npm warn deprecated rimraf@3.0.2: Rimraf versions prior to v4 are no longer supported
npm warn deprecated glob@6.0.4: Glob versions prior to v9 are no longer supported
npm warn deprecated abab@2.0.6: Use your platform's native atob() and btoa() methods instead
npm warn deprecated @babel/plugin-proposal-async-generator-functions@7.20.7: This proposal has been merged to the ECMAScript standard and thus this plugin is no longer maintained. Please use @babel/plugin-transform-async-generator-functions instead.
npm warn deprecated glob@7.1.6: Glob versions prior to v9 are no longer supported
npm warn deprecated uuid@3.4.0: Please upgrade  to version 7 or higher.  Older versions may use Math.random() in certain circumstances, which is known to be problematic.  See https://v8.dev/blog/math-random for details.      
npm warn deprecated uuid@3.4.0: Please upgrade  to version 7 or higher.  Older versions may use Math.random() in certain circumstances, which is known to be problematic.  See https://v8.dev/blog/math-random for details.      
npm warn deprecated uuid@3.4.0: Please upgrade  to version 7 or higher.  Older versions may use Math.random() in certain circumstances, which is known to be problematic.  See https://v8.dev/blog/math-random for details.      
npm warn deprecated uuid@3.4.0: Please upgrade  to version 7 or higher.  Older versions may use Math.random() in certain circumstances, which is known to be problematic.  See https://v8.dev/blog/math-random for details.      
npm warn deprecated expo-cli@6.3.10: The global Expo CLI has been superseded by 'npx expo' and eas-cli â€“â€“ Learn more: https://blog.expo.dev/the-new-expo-cli-f4250d8e3421

added 1275 packages in 1m

166 packages are looking for funding
  run `npm fund` for details
PS F:\GIT REPOS AND CODING\ARia> expo init ./
WARNING: The legacy expo-cli does not support Node +17. Migrate to the new local Expo CLI: https://blog.expo.dev/the-new-expo-cli-f4250d8e3421.
â”Œâ”€â”€â”€â”€â”€â”€â”€â”€â”€â”€â”€â”€â”€â”€â”€â”€â”€â”€â”€â”€â”€â”€â”€â”€â”€â”€â”€â”€â”€â”€â”€â”€â”€â”€â”€â”€â”€â”€â”€â”€â”€â”€â”€â”€â”€â”€â”€â”€â”€â”€â”€â”€â”€â”€â”€â”€â”€â”€â”€â”€â”€â”€â”€â”€â”€â”€â”€â”€â”€â”€â”€â”€â”€â”€â”€â”
â”‚                                                                           â”‚
â”‚   The global expo-cli package has been deprecated.                        â”‚
â”‚                                                                           â”‚
â”‚   The new Expo CLI is now bundled in your project in the expo package.    â”‚
â”‚   Learn more: https://blog.expo.dev/the-new-expo-cli-f4250d8e3421.        â”‚
â”‚                                                                           â”‚
â”‚   To use the local CLI instead (recommended in SDK 46 and higher), run:   â”‚
â”‚   â€º npx expo <command>                                                    â”‚
â”‚                                                                           â”‚
â””â”€â”€â”€â”€â”€â”€â”€â”€â”€â”€â”€â”€â”€â”€â”€â”€â”€â”€â”€â”€â”€â”€â”€â”€â”€â”€â”€â”€â”€â”€â”€â”€â”€â”€â”€â”€â”€â”€â”€â”€â”€â”€â”€â”€â”€â”€â”€â”€â”€â”€â”€â”€â”€â”€â”€â”€â”€â”€â”€â”€â”€â”€â”€â”€â”€â”€â”€â”€â”€â”€â”€â”€â”€â”€â”€â”˜

Migrate to using:
â€º npx create-expo-app --template

âˆš Choose a template: Â» blank               a minimal app as clean as an empty canvas
âˆš Downloaded template.
ğŸ“¦ Using npm to install packages.
âˆš Installed JavaScript dependencies.

âœ… Your project is ready!

To run your project, run one of the following npm commands.

- npm start # you can open iOS, Android, or web from here, or run them directly with the commands below.
- npm run android
- npm run ios # requires an iOS device or macOS for access to an iOS simulator
- npm run web
Project is already inside of a git repo, skipping git init.
PS F:\GIT REPOS AND CODING\ARia> npm install -g eas-cli
npm warn deprecated osenv@0.1.5: This package is no longer supported.
npm warn deprecated inflight@1.0.6: This module is not supported, and leaks memory. Do not use it. Check out lru-cache if you want a good and tested way to coalesce async requests by a key value, which is much more comprehensive and powerful.
npm warn deprecated rimraf@2.4.5: Rimraf versions prior to v4 are no longer supported
npm warn deprecated glob@6.0.4: Glob versions prior to v9 are no longer supported
npm warn deprecated glob@7.1.6: Glob versions prior to v9 are no longer supported
npm warn deprecated @oclif/screen@3.0.8: Package no longer supported. Contact Support at https://www.npmjs.com/support for more info.

added 414 packages in 2m

39 packages are looking for funding
  run `npm fund` for details
PS F:\GIT REPOS AND CODING\ARia> eas build:configure
An Expo user account is required to proceed.

Log in to EAS with email or username (exit and run eas login --help to see other login options)
âˆš Email or username ... Pheonix747hs
âˆš Password ... *************
EAS project not configured.
âˆš Would you like to automatically create an EAS project for @pheonix747hs/ARia? ... yes
âœ” Created @pheonix747hs/ARia: https://expo.dev/accounts/pheonix747hs/projects/ARia on Expo
âœ” Linked local project to EAS project ab5b9475-5816-4758-88e1-162bb60901c0
ğŸ’¡ The following process will configure your iOS and/or Android project to be compatible with EAS Build. These changes only apply to your local project files and you can safely revert them at any time.

âˆš Which platforms would you like to configure for EAS Build? Â» All

âˆš Generated eas.json. Learn more: https://docs.expo.dev/build-reference/eas-json/

ğŸ‰ Your project is ready to build.

- Run eas build when you are ready to create your first build.
- Once the build is completed, run eas submit to upload the app to app stores.
- Learn more about other capabilities of EAS Build: https://docs.expo.dev/build/introduction
PS F:\GIT REPOS AND CODING\ARia> eas prebuild
 Â»   Error: command prebuild not found
PS F:\GIT REPOS AND CODING\ARia> eas         
EAS command line tool

VERSION
  eas-cli/10.2.2 win32-x64 node-v18.18.2

USAGE
  $ eas [COMMAND]

TOPICS
  account      manage account
  branch       manage update branches
  build        build app binaries
  channel      manage update channels
  credentials  manage credentials
  device       manage Apple devices for Internal Distribution
  metadata     manage store configuration
  project      manage project
  secret       manage project and account secrets
  update       manage individual updates
  webhook      manage webhooks

COMMANDS
  analytics     display or change analytics settings
  autocomplete  display autocomplete installation instructions
  build         start a build
  config        display project configuration (app.json + eas.json)
  credentials   manage credentials
  diagnostics   display environment info
  help          Display help for eas.
  init          create or link an EAS project
  login         log in with your Expo account
  logout        log out
  onboarding    continue onboarding process started on the https://expo.new website.
  open          open the project page in a web browser
  submit        submit app binary to App Store and/or Play Store
  update        publish an update group
  whoami        show the username you are logged in as

PS F:\GIT REPOS AND CODING\ARia> eas prebuild
 Â»   Error: command prebuild not found
PS F:\GIT REPOS AND CODING\ARia> eas --version
eas-cli/10.2.2 win32-x64 node-v18.18.2
PS F:\GIT REPOS AND CODING\ARia> eas build    
âˆš Select platform Â» All
Loaded "env" configuration for the "production" profile: no environment variables specified. Learn more: https://docs.expo.dev/build-reference/variables/

ğŸ“  Android application id Learn more: https://expo.fyi/android-package
âˆš What would you like your Android application id to be? ... com.pheonix747hs.ARia

ğŸ¤– Android build
âœ” Using remote Android credentials (Expo server)
âˆš Generate a new Android Keystore? ... yes
Detected that you do not have keytool installed locally.
âœ” Generating keystore in the cloud...
âœ” Created keystore

Compressing project files and uploading to EAS Build. Learn more: https://expo.fyi/eas-build-archive
âœ” Uploaded to EAS 1s

ğŸ“  iOS Bundle Identifier Learn more: https://expo.fyi/bundle-identifier
âˆš What would you like your iOS bundle identifier to be? ... y

ğŸ iOS build
âœ” Using remote iOS credentials (Expo server)

If you provide your Apple account credentials we will be able to generate all necessary build credentials and fully validate them.
This is optional, but without Apple account access you will need to provide all the missing values manually and we can only run minimal validation on them.
âˆš Do you want to log in to your Apple account? ... no
No problem! ğŸ‘Œ If any of the next steps will require Apple account access we will ask you again about it.

â€º Log in to your Apple Developer account to continue
Ã— Apple ID: ...
PS F:\GIT REPOS AND CODING\ARia> eas build
âˆš Select platform Â» Android
Loaded "env" configuration for the "production" profile: no environment variables specified. Learn more: https://docs.expo.dev/build-reference/variables/
âœ” Using remote Android credentials (Expo server)
âœ” Using Keystore from configuration: Build Credentials M9MnN0hEMF (default)

Compressing project files and uploading to EAS Build. Learn more: https://expo.fyi/eas-build-archive
âœ” Uploaded to EAS 1s

Build details: https://expo.dev/accounts/pheonix747hs/projects/ARia/builds/200d928f-434b-42b6-9d26-c99d8508bb4c

Waiting for build to complete. You can press Ctrl+C to exit.
âœ” Build finished

ğŸ¤– Android app:
https://expo.dev/artifacts/eas/4XyRJHcBA32raE6YVP7M35.aab
PS F:\GIT REPOS AND CODING\ARia> expo exit
WARNING: The legacy expo-cli does not support Node +17. Migrate to the new local Expo CLI: https://blog.expo.dev/the-new-expo-cli-f4250d8e3421.
"exit" is not an expo command. See "expo --help" for the full list of commands.
PS F:\GIT REPOS AND CODING\ARia> expo eject
WARNING: The legacy expo-cli does not support Node +17. Migrate to the new local Expo CLI: https://blog.expo.dev/the-new-expo-cli-f4250d8e3421.
â”Œâ”€â”€â”€â”€â”€â”€â”€â”€â”€â”€â”€â”€â”€â”€â”€â”€â”€â”€â”€â”€â”€â”€â”€â”€â”€â”€â”€â”€â”€â”€â”€â”€â”€â”€â”€â”€â”€â”€â”€â”€â”€â”€â”€â”€â”€â”€â”€â”€â”€â”€â”€â”€â”€â”€â”€â”€â”€â”€â”€â”€â”€â”€â”€â”€â”€â”€â”€â”€â”€â”€â”€â”€â”€â”€â”€â”
â”‚                                                                           â”‚
â”‚   The global expo-cli package has been deprecated.                        â”‚
â”‚                                                                           â”‚
â”‚   The new Expo CLI is now bundled in your project in the expo package.    â”‚
â”‚   Learn more: https://blog.expo.dev/the-new-expo-cli-f4250d8e3421.        â”‚
â”‚                                                                           â”‚
â”‚   To use the local CLI instead (recommended in SDK 46 and higher), run:   â”‚
â”‚   â€º npx expo <command>                                                    â”‚
â”‚                                                                           â”‚
â””â”€â”€â”€â”€â”€â”€â”€â”€â”€â”€â”€â”€â”€â”€â”€â”€â”€â”€â”€â”€â”€â”€â”€â”€â”€â”€â”€â”€â”€â”€â”€â”€â”€â”€â”€â”€â”€â”€â”€â”€â”€â”€â”€â”€â”€â”€â”€â”€â”€â”€â”€â”€â”€â”€â”€â”€â”€â”€â”€â”€â”€â”€â”€â”€â”€â”€â”€â”€â”€â”€â”€â”€â”€â”€â”€â”˜
Warning! Your git working tree is dirty.
It's recommended to commit all your changes before proceeding, so you can revert the changes made by this command if necessary.

âˆš Would you like to proceed? ... yes

âˆš Created native project
âˆš Added Metro config
âˆš Updated package.json and added index.js entry point for iOS and Android
â€º Removed "main": "expo/AppEntry.js" from package.json because we recommend using index.js as main instead

ğŸ“¦ Using npm to install packages.
âˆš Cleaned JavaScript dependencies 7168ms
âˆš Installed JavaScript dependencies 30702ms
Using node to generate images. This is much slower than using native packages.
â€º Optionally you can stop the process and try again after successfully running `npm install -g sharp-cli`.

Using node to generate images. This is much slower than using native packages.
â€º Optionally you can stop the process and try again after successfully running `npm install -g sharp-cli`.

Using node to generate images. This is much slower than using native packages.
â€º Optionally you can stop the process and try again after successfully running `npm install -g sharp-cli`.

Using node to generate images. This is much slower than using native packages.
â€º Optionally you can stop the process and try again after successfully running `npm install -g sharp-cli`.

Using node to generate images. This is much slower than using native packages.
â€º Optionally you can stop the process and try again after successfully running `npm install -g sharp-cli`.

Â» android: userInterfaceStyle: Install expo-system-ui in your project to enable this feature.
âˆš Config synced

â¡ï¸  Next steps
â€º ğŸ« When CocoaPods is installed, initialize the project workspace: npx pod-install
â€º ğŸ’¡ You may want to run npx @react-native-community/cli doctor to help install any tools that your app may need to run your native projects.
â€º ğŸ”‘ Download your Android keystore (if you're not sure if you need to, just run the command and see): expo fetch:android:keystore

â˜‘ï¸  When you are ready to run your project
To compile and run your project in development, execute one of the following commands:
â€º npm run android
â€º npm run web
PS F:\GIT REPOS AND CODING\ARia> npm i --save react-viro
npm error code ERESOLVE
npm error ERESOLVE unable to resolve dependency tree
npm error
npm error While resolving: aria@1.0.0
npm error Found: react@18.2.0
npm error node_modules/react
npm error   react@"18.2.0" from the root project
npm error
npm error Could not resolve dependency:
npm error peer react@"16.8.3" from react-viro@2.17.0
npm error node_modules/react-viro
npm error   react-viro@"*" from the root project
npm error
npm error Fix the upstream dependency conflict, or retry
npm error this command with --force or --legacy-peer-deps
npm error to accept an incorrect (and potentially broken) dependency resolution.
npm error
npm error
npm error For a full report see:
npm error C:\Users\OJASVIN\AppData\Local\npm-cache\_logs\2024-08-04T16_35_43_526Z-eresolve-report.txt
npm error A complete log of this run can be found in: C:\Users\OJASVIN\AppData\Local\npm-cache\_logs\2024-08-04T16_35_43_526Z-debug-0.log
PS F:\GIT REPOS AND CODING\ARia> npm i --save react-viro --force
npm warn using --force Recommended protections disabled.
npm warn ERESOLVE overriding peer dependency
npm warn While resolving: react-viro@2.17.0
npm warn Found: react@18.2.0
npm warn node_modules/react
npm warn   peer react@"*" from @react-native/virtualized-lists@0.74.85
npm warn   node_modules/@react-native/virtualized-lists
npm warn     @react-native/virtualized-lists@"0.74.85" from react-native@0.74.3
npm warn     node_modules/react-native
npm warn   3 more (react-native, react-shallow-renderer, the root project)
npm warn
npm warn Could not resolve dependency:
npm warn peer react@"16.8.3" from react-viro@2.17.0
npm warn node_modules/react-viro
npm warn   react-viro@"*" from the root project
npm warn
npm warn Conflicting peer dependency: react@16.8.3
npm warn node_modules/react
npm warn   peer react@"16.8.3" from react-viro@2.17.0
npm warn   node_modules/react-viro
npm warn     react-viro@"*" from the root project
npm warn ERESOLVE overriding peer dependency
npm warn While resolving: react-viro@2.17.0
npm warn Found: react-native@0.74.3
npm warn node_modules/react-native
npm warn   peer react-native@"*" from @react-native/virtualized-lists@0.74.85
npm warn   1 more (the root project)
npm warn
npm warn Could not resolve dependency:
npm warn peer react-native@"0.59.9" from react-viro@2.17.0
npm warn node_modules/react-viro
npm warn   react-viro@"*" from the root project
npm warn
npm warn Conflicting peer dependency: react-native@0.59.9
npm warn node_modules/react-native
npm warn   peer react-native@"0.59.9" from react-viro@2.17.0
npm warn   node_modules/react-viro
npm warn     react-viro@"*" from the root project

added 1 package, and audited 1191 packages in 30s

130 packages are looking for funding
  run `npm fund` for details

found 0 vulnerabilities
PS F:\GIT REPOS AND CODING\ARia> npm run android     

> aria@1.0.0 android
> expo run:android

Failed to resolve the Android SDK path. Default install location not found: C:\Users\OJASVIN\AppData\Local\Android\Sdk. Use ANDROID_HOME to set the Android SDK location.
Failed to resolve the Android SDK path. Default install location not found: C:\Users\OJASVIN\AppData\Local\Android\Sdk. Use ANDROID_HOME to set the Android SDK location.
Error: 'adb' is not recognized as an internal or external command,
operable program or batch file.
Error: 'adb' is not recognized as an internal or external command,
operable program or batch file.
    at notFoundError (F:\GIT REPOS AND CODING\ARia\node_modules\cross-spawn\lib\enoent.js:6:26)
    at verifyENOENT (F:\GIT REPOS AND CODING\ARia\node_modules\cross-spawn\lib\enoent.js:40:16)
    at cp.emit (F:\GIT REPOS AND CODING\ARia\node_modules\cross-spawn\lib\enoent.js:27:25)
    at ChildProcess._handle.onexit (node:internal/child_process:292:12)
PS F:\GIT REPOS AND CODING\ARia> adb devices
adb : The term 'adb' is not recognized as the name of a cmdlet, function, script file, or operable program. Check the spelling of the name, or if a path was included, verify that the path is correct and try again.
At line:1 char:1
+ adb devices
+ ~~~
    + CategoryInfo          : ObjectNotFound: (adb:String) [], CommandNotFoundException
    + FullyQualifiedErrorId : CommandNotFoundException

PS F:\GIT REPOS AND CODING\ARia> expo start
WARNING: The legacy expo-cli does not support Node +17. Migrate to the new local Expo CLI: https://blog.expo.dev/the-new-expo-cli-f4250d8e3421.
â”Œâ”€â”€â”€â”€â”€â”€â”€â”€â”€â”€â”€â”€â”€â”€â”€â”€â”€â”€â”€â”€â”€â”€â”€â”€â”€â”€â”€â”€â”€â”€â”€â”€â”€â”€â”€â”€â”€â”€â”€â”€â”€â”€â”€â”€â”€â”€â”€â”€â”€â”€â”€â”€â”€â”€â”€â”€â”€â”€â”€â”€â”€â”€â”€â”€â”€â”€â”€â”€â”€â”€â”€â”€â”€â”€â”€â”
â”‚                                                                           â”‚
â”‚   The global expo-cli package has been deprecated.                        â”‚
â”‚                                                                           â”‚
â”‚   The new Expo CLI is now bundled in your project in the expo package.    â”‚
â”‚   Learn more: https://blog.expo.dev/the-new-expo-cli-f4250d8e3421.        â”‚
â”‚                                                                           â”‚
â”‚   To use the local CLI instead (recommended in SDK 46 and higher), run:   â”‚
â”‚   â€º npx expo <command>                                                    â”‚
â”‚                                                                           â”‚
â””â”€â”€â”€â”€â”€â”€â”€â”€â”€â”€â”€â”€â”€â”€â”€â”€â”€â”€â”€â”€â”€â”€â”€â”€â”€â”€â”€â”€â”€â”€â”€â”€â”€â”€â”€â”€â”€â”€â”€â”€â”€â”€â”€â”€â”€â”€â”€â”€â”€â”€â”€â”€â”€â”€â”€â”€â”€â”€â”€â”€â”€â”€â”€â”€â”€â”€â”€â”€â”€â”€â”€â”€â”€â”€â”€â”˜
Starting project at F:\GIT REPOS AND CODING\ARia
ExpoMetroConfig.loadAsync is not a function
TypeError: ExpoMetroConfig.loadAsync is not a function
    at runMetroDevServerAsync (C:\Users\OJASVIN\AppData\Roaming\npm\node_modules\expo-cli\node_modules\@expo\dev-server\src\MetroDevServer.ts:86:45)
    at startDevServerAsync (C:\Users\OJASVIN\AppData\Roaming\npm\node_modules\expo-cli\node_modules\xdl\src\start\startDevServerAsync.ts:75:77)
    at startAsync (C:\Users\OJASVIN\AppData\Roaming\npm\node_modules\expo-cli\node_modules\xdl\src\start\startAsync.ts:84:41)
PS F:\GIT REPOS AND CODING\ARia>